---------1 hidden layer-----------------
INFO:__main__:--------0
INFO:__main__:Starting diff (sum): [0.7285904  0.03198775 0.15720287 0.08221895]
INFO:__main__:ending diff (sum): [0.41904217 0.21953583 0.2781444  0.08327763]
INFO:__main__:--------
INFO:__main__:--------1
INFO:__main__:Starting diff (sum): [0.06579274 0.23803036 0.20876408 0.48741278]
INFO:__main__:ending diff (sum): [0.38709086 0.29917905 0.24751413 0.066216  ]
INFO:__main__:--------
INFO:__main__:--------2
INFO:__main__:Starting diff (sum): [0.11971073 0.06531566 0.14358544 0.67138827]
INFO:__main__:ending diff (sum): [0.4259063  0.26948196 0.1964008  0.10821095]
INFO:__main__:--------
INFO:__main__:--------3
INFO:__main__:Starting diff (sum): [0.23478532 0.2765679  0.12993816 0.35870862]
INFO:__main__:ending diff (sum): [0.40937302 0.24302997 0.27504298 0.07255404]
INFO:__main__:--------
INFO:__main__:--------4
INFO:__main__:Starting diff (sum): [0.7284647  0.09172545 0.02690216 0.15290758]
INFO:__main__:ending diff (sum): [0.33092454 0.22666551 0.34372368 0.09868622]
INFO:__main__:--------
INFO:__main__:--------5
INFO:__main__:Starting diff (sum): [0.44838145 0.3180278  0.21702495 0.01656579]
INFO:__main__:ending diff (sum): [0.346911   0.29694122 0.34056005 0.0155877 ]
INFO:__main__:--------
INFO:__main__:--------6
INFO:__main__:Starting diff (sum): [0.06735952 0.09417117 0.6366209  0.20184846]
INFO:__main__:ending diff (sum): [0.43401432 0.21376237 0.29374886 0.05847442]
INFO:__main__:--------
INFO:__main__:--------7
INFO:__main__:Starting diff (sum): [0.21286908 0.05113169 0.18644685 0.54955244]
INFO:__main__:ending diff (sum): [0.4133244  0.26403233 0.2381303  0.08451296]
INFO:__main__:--------
INFO:__main__:--------8
INFO:__main__:Starting diff (sum): [0.37771684 0.21001221 0.3170893  0.09518168]
INFO:__main__:ending diff (sum): [0.37221646 0.24374814 0.34273285 0.04130261]
INFO:__main__:--------
INFO:__main__:--------9
INFO:__main__:Starting diff (sum): [0.12203653 0.03314562 0.55763626 0.28718165]
INFO:__main__:ending diff (sum): [0.43468368 0.23520066 0.24477527 0.0853404 ]
INFO:__main__:--------
INFO:__main__:Avg: [0.3973487  0.2511577  0.28007734 0.07141629]
INFO:__main__:std: [0.03480977 0.02877069 0.04787341 0.02612104]
INFO:__main__:
INFO:__main__:[495476, 813925, 787181, 661494, 654898, 705292, 297364, 892317, 959695, 753973]
---------END 1 hidden layer-----------------
---------3 hidden layer ------------------
INFO:__main__:--------0
INFO:__main__:Starting diff (sum): [0.07002458 0.41424718 0.20884903 0.30687922]
INFO:__main__:--------0
INFO:__main__:Starting diff (sum): [0.5892827  0.08296392 0.1870386  0.14071476]
INFO:__main__:ending diff (sum): [0.49767506 0.18284057 0.15518959 0.1642948 ]
INFO:__main__:--------
INFO:__main__:--------1
INFO:__main__:Starting diff (sum): [0.29799715 0.24827005 0.31420428 0.13952853]
INFO:__main__:ending diff (sum): [0.37955937 0.29776028 0.28115022 0.04153013]
INFO:__main__:--------
INFO:__main__:--------2
INFO:__main__:Starting diff (sum): [0.02498423 0.6939533  0.02848649 0.25257596]
INFO:__main__:ending diff (sum): [0.39735606 0.27196172 0.28472358 0.0459586 ]
INFO:__main__:--------
INFO:__main__:--------3
INFO:__main__:Starting diff (sum): [0.21766463 0.51306033 0.16452333 0.10475172]
INFO:__main__:ending diff (sum): [0.38821295 0.2968357  0.2665379  0.04841339]
INFO:__main__:--------
INFO:__main__:--------4
INFO:__main__:Starting diff (sum): [0.32223085 0.14107324 0.4628355  0.0738604 ]
INFO:__main__:ending diff (sum): [0.3968283  0.27390307 0.287679   0.04158961]
INFO:__main__:--------
INFO:__main__:--------5
INFO:__main__:Starting diff (sum): [0.54490227 0.07819881 0.22407393 0.15282492]
INFO:__main__:ending diff (sum): [0.5202943  0.1470822  0.17344405 0.15917942]
INFO:__main__:--------
INFO:__main__:--------6
INFO:__main__:Starting diff (sum): [0.0645841  0.24029556 0.0523492  0.6427712 ]
INFO:__main__:ending diff (sum): [0.4415016  0.22008388 0.25075755 0.08765692]
INFO:__main__:--------
INFO:__main__:--------7
INFO:__main__:Starting diff (sum): [0.07084232 0.2923791  0.22956298 0.4072156 ]
INFO:__main__:ending diff (sum): [0.44109774 0.23385218 0.23763983 0.0874103 ]
INFO:__main__:--------
INFO:__main__:--------8
INFO:__main__:Starting diff (sum): [0.39909136 0.06097504 0.47861043 0.06132319]
INFO:__main__:ending diff (sum): [0.4249053  0.2563703  0.25808924 0.06063518]
INFO:__main__:--------
INFO:__main__:--------9
INFO:__main__:Starting diff (sum): [0.21393935 0.43592095 0.02603882 0.32410085]
INFO:__main__:ending diff (sum): [0.5718212  0.09892253 0.1150951  0.21416119]
INFO:__main__:--------
INFO:__main__:Avg: [0.44592518 0.22796123 0.23103061 0.09508295]
INFO:__main__:std: [0.060867   0.0630828  0.05791272 0.05890638]
INFO:__main__:
INFO:__main__:[597564, 729849, 497911, 85867, 501294, 443819, 544784, 672381, 133405, 615481]
---------END: 3 hidden layer ------------------

--------- 5 hidden layers -------------------------
INFO:__main__:--------0
INFO:__main__:Starting diff (sum): [0.2333937  0.10672548 0.36389497 0.29598585]
INFO:__main__:ending diff (sum): [0.48033693 0.20060441 0.18141437 0.13764437]
INFO:__main__:--------
INFO:__main__:--------1
INFO:__main__:Starting diff (sum): [0.1623882  0.51886517 0.0648611  0.25388557]
INFO:__main__:ending diff (sum): [0.48412448 0.18640314 0.19111541 0.13835692]
INFO:__main__:--------
INFO:__main__:--------2
INFO:__main__:Starting diff (sum): [0.41606775 0.20470831 0.30655453 0.07266936]
INFO:__main__:ending diff (sum): [0.40551534 0.23376544 0.26621515 0.09450409]
INFO:__main__:--------
INFO:__main__:--------3
INFO:__main__:Starting diff (sum): [0.02791448 0.71716857 0.12441407 0.13050288]
INFO:__main__:ending diff (sum): [0.37635964 0.26964048 0.3179043  0.03609562]
INFO:__main__:--------
INFO:__main__:--------4
INFO:__main__:Starting diff (sum): [0.43815705 0.34109518 0.07244473 0.14830314]
INFO:__main__:ending diff (sum): [0.49641386 0.16987589 0.18274991 0.15096031]
INFO:__main__:--------
INFO:__main__:--------5
INFO:__main__:Starting diff (sum): [0.07978225 0.78069365 0.05175523 0.08776892]
INFO:__main__:ending diff (sum): [0.43974337 0.24471612 0.22898342 0.08655708]
INFO:__main__:--------
INFO:__main__:--------6
INFO:__main__:Starting diff (sum): [0.37620246 0.29275227 0.15797767 0.17306761]
INFO:__main__:ending diff (sum): [0.45021665 0.19263789 0.21793106 0.13921444]
INFO:__main__:--------
INFO:__main__:--------7
INFO:__main__:Starting diff (sum): [0.2618213  0.07344995 0.326356   0.3383728 ]
INFO:__main__:ending diff (sum): [0.5199229  0.15499845 0.1653333  0.15974534]
INFO:__main__:--------
INFO:__main__:--------8
INFO:__main__:Starting diff (sum): [0.37414834 0.05753278 0.5134763  0.05484249]
INFO:__main__:ending diff (sum): [0.44288063 0.4696116  0.06627239 0.02123533]
INFO:__main__:--------
INFO:__main__:--------9
INFO:__main__:Starting diff (sum): [0.06011148 0.03416073 0.4912137  0.414514  ]
INFO:__main__:ending diff (sum): [0.41494796 0.2532674  0.26057842 0.07120617]
INFO:__main__:--------
INFO:__main__:Avg: [0.45104623 0.23755208 0.20784977 0.10355197]
INFO:__main__:std: [0.04231275 0.08519842 0.06504442 0.04668411]
INFO:__main__:
INFO:__main__:[357017, 810639, 282163, 233957, 900310, 259760, 160641, 434874, 809229, 295764]
---------END: 5 hidden layers -------------------------INFO:__main__:--------0

---------5 hidden layer with dropout 0.1 and removed last layer dropout ----------
INFO:__main__:Starting diff (sum): [0.11332859 0.18636051 0.62745494 0.07285598]
INFO:__main__:ending diff (sum): [0.36572018 0.3069747  0.29678285 0.03052226]
INFO:__main__:--------
INFO:__main__:--------1
INFO:__main__:Starting diff (sum): [0.340133   0.3645196  0.16347264 0.13187477]
INFO:__main__:ending diff (sum): [0.4383679  0.24226071 0.2427119  0.07665953]
INFO:__main__:--------
INFO:__main__:--------2
INFO:__main__:Starting diff (sum): [0.22204801 0.36349347 0.2833678  0.13109075]
INFO:__main__:ending diff (sum): [0.2085998  0.75051546 0.02865646 0.01222825]
INFO:__main__:--------
INFO:__main__:--------3
INFO:__main__:Starting diff (sum): [0.10016271 0.21205233 0.44720238 0.24058251]
INFO:__main__:ending diff (sum): [0.42687663 0.2428878  0.25220355 0.07803201]
INFO:__main__:--------
INFO:__main__:--------4
INFO:__main__:Starting diff (sum): [0.19668975 0.0386858  0.53923225 0.2253922 ]
INFO:__main__:ending diff (sum): [0.45222595 0.22317083 0.21673739 0.10786586]
INFO:__main__:--------
INFO:__main__:--------5
INFO:__main__:Starting diff (sum): [0.26711053 0.23582949 0.33429044 0.16276956]
INFO:__main__:ending diff (sum): [0.43490916 0.24236296 0.22994287 0.09278499]
INFO:__main__:--------
INFO:__main__:--------6
INFO:__main__:Starting diff (sum): [0.06642189 0.73828673 0.07750885 0.11778253]
INFO:__main__:ending diff (sum): [0.44088316 0.20613551 0.2888531  0.06412831]
INFO:__main__:--------
INFO:__main__:--------7
INFO:__main__:Starting diff (sum): [0.15694109 0.25157487 0.12319568 0.46828833]
INFO:__main__:ending diff (sum): [0.4984771  0.16244163 0.19716066 0.1419206 ]
INFO:__main__:--------
INFO:__main__:--------8
INFO:__main__:Starting diff (sum): [0.0585124  0.71493477 0.17141648 0.05513637]
INFO:__main__:ending diff (sum): [0.37424648 0.30192682 0.28800246 0.03582426]
INFO:__main__:--------
INFO:__main__:--------9
INFO:__main__:Starting diff (sum): [0.0642776  0.6168541  0.25113586 0.06773246]
INFO:__main__:ending diff (sum): [0.3765645  0.29239216 0.29981992 0.03122341]
INFO:__main__:--------
INFO:__main__:Avg: [0.4016871  0.29710686 0.23408714 0.06711895]
INFO:__main__:std: [0.07516845 0.15701717 0.07644857 0.03841036]
INFO:__main__:
INFO:__main__:[677521, 768015, 1499, 660827, 920666, 948067, 509408, 741440, 451418, 274716]
---------END: 5 hidden layer with dropout 0.1 and removed last layer dropout ----------INFO:__main__:--------0
INFO:__main__:Starting diff (sum): [0.21197298 0.49534208 0.21141206 0.08127288]
INFO:__main__:ending diff (sum): [0.34993944 0.3281323  0.2902861  0.0316422 ]
INFO:__main__:--------
INFO:__main__:--------1
INFO:__main__:Starting diff (sum): [0.20095341 0.34085652 0.27637967 0.1818104 ]
INFO:__main__:ending diff (sum): [0.3933836  0.2965832  0.23728433 0.07274882]
INFO:__main__:--------
INFO:__main__:--------2
INFO:__main__:Starting diff (sum): [0.05601585 0.34565812 0.256307   0.34201905]
INFO:__main__:ending diff (sum): [0.26882702 0.5606457  0.08989967 0.08062761]
INFO:__main__:--------
INFO:__main__:--------3
INFO:__main__:Starting diff (sum): [0.29974985 0.28647733 0.09729939 0.31647342]
INFO:__main__:ending diff (sum): [0.42383873 0.26222613 0.21772109 0.09621395]
INFO:__main__:--------
INFO:__main__:--------4
INFO:__main__:Starting diff (sum): [0.05898705 0.14752717 0.6249883  0.16849743]
INFO:__main__:ending diff (sum): [0.39246044 0.3000806  0.24394241 0.06351651]
INFO:__main__:--------
INFO:__main__:--------5
INFO:__main__:Starting diff (sum): [0.08009215 0.3253133  0.21644373 0.37815085]
INFO:__main__:ending diff (sum): [0.36339077 0.4045326  0.11791337 0.11416335]
INFO:__main__:--------
INFO:__main__:--------6
INFO:__main__:Starting diff (sum): [0.10637365 0.25653058 0.4352695  0.20182618]
INFO:__main__:ending diff (sum): [0.41670012 0.2691116  0.23442599 0.07976222]
INFO:__main__:--------
INFO:__main__:--------7
INFO:__main__:Starting diff (sum): [0.3224708  0.4447317  0.03398477 0.19881275]
INFO:__main__:ending diff (sum): [0.40996882 0.26555392 0.25567284 0.06880445]
INFO:__main__:--------
INFO:__main__:--------8
INFO:__main__:Starting diff (sum): [0.14169595 0.32503912 0.25739262 0.27587232]
INFO:__main__:ending diff (sum): [0.4487053  0.23128971 0.21968557 0.1003195 ]
INFO:__main__:--------
INFO:__main__:--------9
INFO:__main__:Starting diff (sum): [0.27725768 0.29362646 0.2616242  0.16749163]
INFO:__main__:ending diff (sum): [0.35365513 0.33839262 0.26585433 0.04209786]
INFO:__main__:--------
INFO:__main__:Avg: [0.38208693 0.32565483 0.21726856 0.07498965]
INFO:__main__:std: [0.04838502 0.09102046 0.06055895 0.02411845]
INFO:__main__:
INFO:__main__:[667253, 105605, 272522, 588226, 453584, 31048, 917862, 684903, 393135, 405097]
